[centipede-semi.squarespace.com/index.html]
[backblue.gif]
[fade.gif]
[index.html]
[images.squarespace-cdn.com/content/56e52a073c44d8234e191e0f/1459164311058-GAP47UB1DKVVQ483EQQO/favicon5d45.png]
[images.squarespace-cdn.com/content/56e52a073c44d8234e191e0f/1563971882185-TFK2PLHLVL0UEXCDU2Z6/static1.squarespace5d45.png]
[centipede-semi.com/index.html]
[centipede-semi.com/home-1cecb]
[static1.squarespace.com/static/sitecss/56e52a073c44d8234e191e0f/115/52a74dafe4b073a80cd253c5/56e52a073c44d8234e191e16/1028-05142015/1498568375947/site8696.css]
[www.google-analytics.com/analytics.js]
[assets.squarespace.com/universal/scripts-compressed/performance-2641bb4c4d35c84dfc854-min.en-US.js]
[centipede-semi.squarespace.com/about.html]
[assets.squarespace.com/universal/scripts-compressed/common-cf7dd89094e5944a5653a-min.en-US.js]
[centipede-semi.squarespace.com/team.html]
[centipede-semi.squarespace.com/technology.html]
[centipede-semi.squarespace.com/investors-advisors.html]
[centipede-semi.squarespace.com/contact.html]
[images.squarespace-cdn.com/content/v1/56e52a073c44d8234e191e0f/1459948195912-1QDTGAQ4SHS6HOE4GSIR/ke17ZwdGBToddI8pDm48kMnxekGj-zEGynSNIqe06uVZw-z/image-asset.gif]
[images.squarespace-cdn.com/content/v1/56e52a073c44d8234e191e0f/1458053559740-L433OB5D5359JCQY7L2V/ke17ZwdGBToddI8pDm48kHdaW9Jc14Znam77wG2CZ5LlfiS/image-asset.jpg]
[images.squarespace-cdn.com/content/v1/56e52a073c44d8234e191e0f/1481705636650-BJV1WCURAWGUEODAO13X/ke17ZwdGBToddI8pDm48kDNX5L7OPxYDRwYl1RpNR9vlfiS/170+20.png]
[centipede-semi.squarespace.com/index.html]
[static1.squarespace.com/static/ta/52a74d9ae4b0253945d2aee9/1028/scripts/site-bundle.js]
[centipede-semi.com/about.html]
[centipede-semi.com/team.html]
[centipede-semi.com/technology.html]
[centipede-semi.com/investors-advisors.html]
[centipede-semi.com/index.html]
[centipede-semi.squarespace.com/about.html]
[centipede-semi.squarespace.com/team.html]
[centipede-semi.squarespace.com/technology.html]
[centipede-semi.squarespace.com/investors-advisors.html]
[centipede-semi.squarespace.com/contact.html]
[centipede-semi.com/about.html]
[centipede-semi.com/team.html]
[centipede-semi.com/technology.html]
[centipede-semi.com/investors-advisors.html]
[centipede-semi.com/contact.html]
[centipede-semi.com/contact.html]
[use.typekit.net/ik/N7vgVcPx697N8_UZ9wrw4BQs0u5DVJJykN_ciGBSaNMfe7CIfFHN4UJLFRbh52jhWD9hZQ9kjQMawhwXFebtwRwXZQIowA93Zy7AMPG0jhm0ie83ZAs8OWF8dAq0SaBujW48Sagyjh90jhNlOeF8d1sTSemqZPuDZAuTOcFzdPURZAoX-Wg8Ze]
[images.squarespace-cdn.com/content/56e52a073c44d8234e191e0f/1563971882185-TFK2PLHLVL0UEXCDU2Z6/static1.squarespace5d45.png]
[assets.squarespace.com/universal/images-v6/damask/error-dark.png]
[images.squarespace-cdn.com/content/v1/56e52a073c44d8234e191e0f/1458053559740-L433OB5D5359JCQY7L2V/ke17ZwdGBToddI8pDm48kHdaW9Jc14Znam77wG2CZ5LlfiS/image-asset.jpg]
[assets.squarespace.com/universal/images-v6/damask/error-dark@2x.png]
[assets.squarespace.com/universal/images-v6/damask/error-dark.png]
[assets.squarespace.com/universal/images-v6/damask/error-dark@2x.png]
[images.squarespace-cdn.com/content/v1/56e52a073c44d8234e191e0f/1481705636650-BJV1WCURAWGUEODAO13X/ke17ZwdGBToddI8pDm48kDNX5L7OPxYDRwYl1RpNR9vlfiS/170+20.png]
[assets.squarespace.com/universal/images-v6/damask/play-button.png]
[assets.squarespace.com/universal/images-v6/damask/play-button@2x.png]
[static1.squarespace.com/static/sitecss/56e52a073c44d8234e191e0f/115/52a74dafe4b073a80cd253c5/56e52a073c44d8234e191e16/1028-05142015/1498568375947/gallery-play-big.css]
[static1.squarespace.com/static/sitecss/56e52a073c44d8234e191e0f/115/52a74dafe4b073a80cd253c5/56e52a073c44d8234e191e16/1028-05142015/1498568375947/gallery-play-big@2x.css]
[assets.squarespace.com/universal/images-v6/damask/edit-aviary-light.png]
[assets.squarespace.com/universal/images-v6/damask/edit-aviary-light@2x.png]
[assets.squarespace.com/universal/images-v6/damask/edit-info-light.png]
[assets.squarespace.com/universal/images-v6/damask/edit-info-light.png]
[assets.squarespace.com/universal/images-v6/damask/edit-info-light@2x.png]
[assets.squarespace.com/universal/images-v6/damask/trash-9-light.png]
[assets.squarespace.com/universal/images-v6/damask/trash-9-light@2x.png]
[assets.squarespace.com/universal/images-v6/damask/trash-9-light@2x.png]
[assets.squarespace.com/universal/images-v6/damask/trash-9-red.png]
[assets.squarespace.com/universal/images-v6/damask/trash-9-red@2x.png]
[assets.squarespace.com/universal/images-v6/damask/getty-16-light.png]
[assets.squarespace.com/universal/images-v6/damask/getty-32-light.png]
[assets.squarespace.com/universal/images-v6/damask/shopping-cart-16-light.png]
[assets.squarespace.com/universal/images-v6/damask/shopping-cart-16-light.png]
[assets.squarespace.com/universal/images-v6/damask/shopping-cart-32-light.png]
[assets.squarespace.com/universal/images-v6/damask/shopping-cart-32-light.png]
[static1.squarespace.com/universal/images-v6/icons/block-indicator-dark.png]
[static1.squarespace.com/universal/images-v6/icons/block-indicator-dark@2x.png]
[static.squarespace.com/universal/fonts/squarespace-ui-font.svg]
[assets.squarespace.com/universal/fonts/squarespace-ui-font.svg]
[static1.squarespace.com/universal/images-v6/icons/opentable-icons.svg]
[static1.squarespace.com/universal/images-v6/icons/opentable-icons.png]
[static1.squarespace.com/universal/images-v6/icons/opentable-icons.png]
[static1.squarespace.com/universal/images-v6/icons/icon-searchqueries-20-dark.png]
[static1.squarespace.com/universal/images-v6/icons/icon-searchqueries-20-light.png]
[assets.squarespace.com/universal/images-v6/icons/icon-video-24-light-solid.png]
[assets.squarespace.com/universal/images-v6/icons/icon-video-24-light-solid.png]
[static1.squarespace.com/universal/images-v6/damask/image-inside-64-dark.png]
[static1.squarespace.com/universal/images-v6/damask/image-inside-128-dark.png]
[assets.squarespace.com/universal/images-v6/standard/icon_close_7_light.png]
[assets.squarespace.com/universal/images-v6/standard/icon_close_7_light.png]
[assets.squarespace.com/universal/images-v6/icons/icon-settings-16-light.png]
[assets.squarespace.com/universal/fonts/social-20141119/social-icon-font.svg]
[static1.squarespace.com/static/56e52a073c44d8234e191e0f/t/56ee5fb307eaa0e20bfc7b7c/1458462649665/tweed_@2X.png]
[static1.squarespace.com/static/56e52a073c44d8234e191e0f/t/56fa5c05746fb96413a40e52/1459248133743/spinner.gif]
[static1.squarespace.com/static/sitecss/56e52a073c44d8234e191e0f/115/52a74dafe4b073a80cd253c5/56e52a073c44d8234e191e16/1028-05142015/1498568375947/site8696.css]
[centipede-semi.squarespace.com/about.html]
[centipede-semi.com/about.html]
[static1.squarespace.com/static/sitecss/56e52a073c44d8234e191e0f/115/52a74dafe4b073a80cd253c5/56e52a073c44d8234e191e16/1028-05142015/1498568375947/gallery-play-big.css]
[static1.squarespace.com/static/sitecss/56e52a073c44d8234e191e0f/115/52a74dafe4b073a80cd253c5/56e52a073c44d8234e191e16/1028-05142015/1498568375947/gallery-play-big@2x.css]
[static.squarespace.com/universal/fonts/squarespace-ui-font.svg]
[assets.squarespace.com/universal/fonts/squarespace-ui-font.svg]
[static1.squarespace.com/universal/images-v6/icons/opentable-icons.svg]
[assets.squarespace.com/universal/fonts/social-20141119/social-icon-font.svg]
